0 verbose cli /.sprite/languages/node/nvm/versions/node/v24.18.0/bin/node /.sprite/languages/node/nvm/versions/node/v24.18.0/bin/npm
1 info using npm@12.0.2
2 info using node@v24.18.0
3 silly config load:file:/.sprite/languages/node/nvm/versions/node/v24.18.0/lib/node_modules/npm/npmrc
4 silly config load:file:/home/sprite/.npmrc
5 silly config load:file:/.sprite/languages/node/nvm/versions/node/v24.18.0/etc/npmrc
6 verbose title npm install
7 verbose argv "install"
8 verbose logfile logs-max:10 dir:/home/sprite/.npm/_logs/2026-10-01T16_04_01_037Z-
9 verbose logfile /home/sprite/.npm/_logs/2026-10-01T16_04_01_037Z-debug-0.log
10 silly logfile done cleaning log files
11 silly packumentCache heap:2348810240 maxSize:587202560 maxEntrySize:293601280
12 silly idealTree buildDeps
13 silly reify moves {}
14 silly audit bulk request {
14 silly audit   '@babel/code-frame': [ '7.29.0' ],
14 silly audit   '@babel/compat-data': [ '7.29.3' ],
14 silly audit   '@babel/core': [ '7.29.0' ],
14 silly audit   '@babel/generator': [ '7.29.1' ],
14 silly audit   '@babel/helper-compilation-targets': [ '7.28.6' ],
14 silly audit   '@babel/helper-globals': [ '7.28.0' ],
14 silly audit   '@babel/helper-module-imports': [ '7.28.6' ],
14 silly audit   '@babel/helper-module-transforms': [ '7.28.6' ],
14 silly audit   '@babel/helper-plugin-utils': [ '7.28.6' ],
14 silly audit   '@babel/helper-string-parser': [ '7.27.1' ],
14 silly audit   '@babel/helper-validator-identifier': [ '7.28.5' ],
14 silly audit   '@babel/helper-validator-option': [ '7.27.1' ],
14 silly audit   '@babel/helpers': [ '7.29.2' ],
14 silly audit   '@babel/parser': [ '7.29.3' ],
14 silly audit   '@babel/plugin-transform-react-jsx-self': [ '7.27.1' ],
14 silly audit   '@babel/plugin-transform-react-jsx-source': [ '7.27.1' ],
14 silly audit   '@babel/template': [ '7.28.6' ],
14 silly audit   '@babel/traverse': [ '7.29.0' ],
14 silly audit   '@babel/types': [ '7.29.0' ],
14 silly audit   '@esbuild/aix-ppc64': [ '0.25.12' ],
14 silly audit   '@esbuild/android-arm': [ '0.25.12' ],
14 silly audit   '@esbuild/android-arm64': [ '0.25.12' ],
14 silly audit   '@esbuild/android-x64': [ '0.25.12' ],
14 silly audit   '@esbuild/darwin-arm64': [ '0.25.12' ],
14 silly audit   '@esbuild/darwin-x64': [ '0.25.12' ],
14 silly audit   '@esbuild/freebsd-arm64': [ '0.25.12' ],
14 silly audit   '@esbuild/freebsd-x64': [ '0.25.12' ],
14 silly audit   '@esbuild/linux-arm': [ '0.25.12' ],
14 silly audit   '@esbuild/linux-arm64': [ '0.25.12' ],
14 silly audit   '@esbuild/linux-ia32': [ '0.25.12' ],
14 silly audit   '@esbuild/linux-loong64': [ '0.25.12' ],
14 silly audit   '@esbuild/linux-mips64el': [ '0.25.12' ],
14 silly audit   '@esbuild/linux-ppc64': [ '0.25.12' ],
14 silly audit   '@esbuild/linux-riscv64': [ '0.25.12' ],
14 silly audit   '@esbuild/linux-s390x': [ '0.25.12' ],
14 silly audit   '@esbuild/linux-x64': [ '0.25.12' ],
14 silly audit   '@esbuild/netbsd-arm64': [ '0.25.12' ],
14 silly audit   '@esbuild/netbsd-x64': [ '0.25.12' ],
14 silly audit   '@esbuild/openbsd-arm64': [ '0.25.12' ],
14 silly audit   '@esbuild/openbsd-x64': [ '0.25.12' ],
14 silly audit   '@esbuild/openharmony-arm64': [ '0.25.12' ],
14 silly audit   '@esbuild/sunos-x64': [ '0.25.12' ],
14 silly audit   '@esbuild/win32-arm64': [ '0.25.12' ],
14 silly audit   '@esbuild/win32-ia32': [ '0.25.12' ],
14 silly audit   '@esbuild/win32-x64': [ '0.25.12' ],
14 silly audit   '@jridgewell/gen-mapping': [ '0.3.13' ],
14 silly audit   '@jridgewell/remapping': [ '2.3.5' ],
14 silly audit   '@jridgewell/resolve-uri': [ '3.1.2' ],
14 silly audit   '@jridgewell/sourcemap-codec': [ '1.5.5' ],
14 silly audit   '@jridgewell/trace-mapping': [ '0.3.31' ],
14 silly audit   '@rolldown/pluginutils': [ '1.0.0-beta.27' ],
14 silly audit   '@rollup/rollup-android-arm-eabi': [ '4.60.3' ],
14 silly audit   '@rollup/rollup-android-arm64': [ '4.60.3' ],
14 silly audit   '@rollup/rollup-darwin-arm64': [ '4.60.3' ],
14 silly audit   '@rollup/rollup-darwin-x64': [ '4.60.3' ],
14 silly audit   '@rollup/rollup-freebsd-arm64': [ '4.60.3' ],
14 silly audit   '@rollup/rollup-freebsd-x64': [ '4.60.3' ],
14 silly audit   '@rollup/rollup-linux-arm-gnueabihf': [ '4.60.3' ],
14 silly audit   '@rollup/rollup-linux-arm-musleabihf': [ '4.60.3' ],
14 silly audit   '@rollup/rollup-linux-arm64-gnu': [ '4.60.3' ],
14 silly audit   '@rollup/rollup-linux-arm64-musl': [ '4.60.3' ],
14 silly audit   '@rollup/rollup-linux-loong64-gnu': [ '4.60.3' ],
14 silly audit   '@rollup/rollup-linux-loong64-musl': [ '4.60.3' ],
14 silly audit   '@rollup/rollup-linux-ppc64-gnu': [ '4.60.3' ],
14 silly audit   '@rollup/rollup-linux-ppc64-musl': [ '4.60.3' ],
14 silly audit   '@rollup/rollup-linux-riscv64-gnu': [ '4.60.3' ],
14 silly audit   '@rollup/rollup-linux-riscv64-musl': [ '4.60.3' ],
14 silly audit   '@rollup/rollup-linux-s390x-gnu': [ '4.60.3' ],
14 silly audit   '@rollup/rollup-linux-x64-gnu': [ '4.60.3' ],
14 silly audit   '@rollup/rollup-linux-x64-musl': [ '4.60.3' ],
14 silly audit   '@rollup/rollup-openbsd-x64': [ '4.60.3' ],
14 silly audit   '@rollup/rollup-openharmony-arm64': [ '4.60.3' ],
14 silly audit   '@rollup/rollup-win32-arm64-msvc': [ '4.60.3' ],
14 silly audit   '@rollup/rollup-win32-ia32-msvc': [ '4.60.3' ],
14 silly audit   '@rollup/rollup-win32-x64-gnu': [ '4.60.3' ],
14 silly audit   '@rollup/rollup-win32-x64-msvc': [ '4.60.3' ],
14 silly audit   '@types/babel__core': [ '7.20.5' ],
14 silly audit   '@types/babel__generator': [ '7.27.0' ],
14 silly audit   '@types/babel__template': [ '7.4.4' ],
14 silly audit   '@types/babel__traverse': [ '7.28.0' ],
14 silly audit   '@types/estree': [ '1.0.8' ],
14 silly audit   '@types/react': [ '19.2.14' ],
14 silly audit   '@types/react-dom': [ '19.2.3' ],
14 silly audit   '@vitejs/plugin-react': [ '4.7.0' ],
14 silly audit   'baseline-browser-mapping': [ '2.10.27' ],
14 silly audit   browserslist: [ '4.28.2' ],
14 silly audit   'caniuse-lite': [ '1.0.30001791' ],
14 silly audit   clsx: [ '2.1.1' ],
14 silly audit   'convert-source-map': [ '2.0.0' ],
14 silly audit   cookie: [ '1.1.1' ],
14 silly audit   csstype: [ '3.2.3' ],
14 silly audit   debug: [ '4.4.3' ],
14 silly audit   'electron-to-chromium': [ '1.5.349' ],
14 silly audit   esbuild: [ '0.25.12' ],
14 silly audit   escalade: [ '3.2.0' ],
14 silly audit   fdir: [ '6.5.0' ],
14 silly audit   fsevents: [ '2.3.3' ],
14 silly audit   gensync: [ '1.0.0-beta.2' ],
14 silly audit   'js-tokens': [ '4.0.0' ],
14 silly audit   jsesc: [ '3.1.0' ],
14 silly audit   json5: [ '2.2.3' ],
14 silly audit   'lru-cache': [ '5.1.1' ],
14 silly audit   'lucide-react': [ '0.469.0' ],
14 silly audit   ms: [ '2.1.3' ],
14 silly audit   nanoid: [ '3.3.12' ],
14 silly audit   'node-releases': [ '2.0.38' ],
14 silly audit   picocolors: [ '1.1.1' ],
14 silly audit   picomatch: [ '4.0.4' ],
14 silly audit   postcss: [ '8.5.14' ],
14 silly audit   react: [ '19.2.5' ],
14 silly audit   'react-dom': [ '19.2.5' ],
14 silly audit   'react-refresh': [ '0.17.0' ],
14 silly audit   'react-router': [ '7.14.2' ],
14 silly audit   'react-router-dom': [ '7.14.2' ],
14 silly audit   rollup: [ '4.60.3' ],
14 silly audit   scheduler: [ '0.27.0' ],
14 silly audit   semver: [ '6.3.1' ],
14 silly audit   'set-cookie-parser': [ '2.7.2' ],
14 silly audit   'source-map-js': [ '1.2.1' ],
14 silly audit   tinyglobby: [ '0.2.16' ],
14 silly audit   typescript: [ '5.9.3' ],
14 silly audit   'update-browserslist-db': [ '1.2.3' ],
14 silly audit   vite: [ '6.4.2' ],
14 silly audit   yallist: [ '3.1.1' ]
14 silly audit }
15 http cache yallist@https://registry.npmjs.org/yallist/-/yallist-3.1.1.tgz 0ms (cache hit)
16 http cache update-browserslist-db@https://registry.npmjs.org/update-browserslist-db/-/update-browserslist-db-1.2.3.tgz 0ms (cache hit)
17 http cache typescript@https://registry.npmjs.org/typescript/-/typescript-5.9.3.tgz 0ms (cache hit)
18 http cache source-map-js@https://registry.npmjs.org/source-map-js/-/source-map-js-1.2.1.tgz 0ms (cache hit)
19 http cache vite@https://registry.npmjs.org/vite/-/vite-6.4.2.tgz 0ms (cache hit)
20 http cache set-cookie-parser@https://registry.npmjs.org/set-cookie-parser/-/set-cookie-parser-2.7.2.tgz 0ms (cache hit)
21 http cache scheduler@https://registry.npmjs.org/scheduler/-/scheduler-0.27.0.tgz 0ms (cache hit)
22 http cache semver@https://registry.npmjs.org/semver/-/semver-6.3.1.tgz 0ms (cache hit)
23 http cache rollup@https://registry.npmjs.org/rollup/-/rollup-4.60.3.tgz 0ms (cache hit)
24 http cache react-router-dom@https://registry.npmjs.org/react-router-dom/-/react-router-dom-7.14.2.tgz 0ms (cache hit)
25 http cache react-router@https://registry.npmjs.org/react-router/-/react-router-7.14.2.tgz 0ms (cache hit)
26 http cache react-refresh@https://registry.npmjs.org/react-refresh/-/react-refresh-0.17.0.tgz 0ms (cache hit)
27 http cache react-dom@https://registry.npmjs.org/react-dom/-/react-dom-19.2.5.tgz 0ms (cache hit)
28 http cache react@https://registry.npmjs.org/react/-/react-19.2.5.tgz 0ms (cache hit)
29 http cache picomatch@https://registry.npmjs.org/picomatch/-/picomatch-4.0.4.tgz 0ms (cache hit)
30 http cache postcss@https://registry.npmjs.org/postcss/-/postcss-8.5.14.tgz 0ms (cache hit)
31 http cache picocolors@https://registry.npmjs.org/picocolors/-/picocolors-1.1.1.tgz 0ms (cache hit)
32 http cache node-releases@https://registry.npmjs.org/node-releases/-/node-releases-2.0.38.tgz 0ms (cache hit)
33 http cache nanoid@https://registry.npmjs.org/nanoid/-/nanoid-3.3.12.tgz 0ms (cache hit)
34 http cache ms@https://registry.npmjs.org/ms/-/ms-2.1.3.tgz 0ms (cache hit)
35 http cache lucide-react@https://registry.npmjs.org/lucide-react/-/lucide-react-0.469.0.tgz 0ms (cache hit)
36 http cache lru-cache@https://registry.npmjs.org/lru-cache/-/lru-cache-5.1.1.tgz 0ms (cache hit)
37 http cache json5@https://registry.npmjs.org/json5/-/json5-2.2.3.tgz 0ms (cache hit)
38 http cache jsesc@https://registry.npmjs.org/jsesc/-/jsesc-3.1.0.tgz 0ms (cache hit)
39 http cache js-tokens@https://registry.npmjs.org/js-tokens/-/js-tokens-4.0.0.tgz 0ms (cache hit)
40 http cache tinyglobby@https://registry.npmjs.org/tinyglobby/-/tinyglobby-0.2.16.tgz 0ms (cache hit)
41 http cache gensync@https://registry.npmjs.org/gensync/-/gensync-1.0.0-beta.2.tgz 0ms (cache hit)
42 http cache fdir@https://registry.npmjs.org/fdir/-/fdir-6.5.0.tgz 0ms (cache hit)
43 http cache escalade@https://registry.npmjs.org/escalade/-/escalade-3.2.0.tgz 0ms (cache hit)
44 http cache electron-to-chromium@https://registry.npmjs.org/electron-to-chromium/-/electron-to-chromium-1.5.349.tgz 0ms (cache hit)
45 http cache esbuild@https://registry.npmjs.org/esbuild/-/esbuild-0.25.12.tgz 0ms (cache hit)
46 http cache debug@https://registry.npmjs.org/debug/-/debug-4.4.3.tgz 0ms (cache hit)
47 http cache csstype@https://registry.npmjs.org/csstype/-/csstype-3.2.3.tgz 0ms (cache hit)
48 http cache cookie@https://registry.npmjs.org/cookie/-/cookie-1.1.1.tgz 0ms (cache hit)
49 http cache convert-source-map@https://registry.npmjs.org/convert-source-map/-/convert-source-map-2.0.0.tgz 0ms (cache hit)
50 http cache clsx@https://registry.npmjs.org/clsx/-/clsx-2.1.1.tgz 0ms (cache hit)
51 http cache caniuse-lite@https://registry.npmjs.org/caniuse-lite/-/caniuse-lite-1.0.30001791.tgz 0ms (cache hit)
52 http cache browserslist@https://registry.npmjs.org/browserslist/-/browserslist-4.28.2.tgz 0ms (cache hit)
53 http cache baseline-browser-mapping@https://registry.npmjs.org/baseline-browser-mapping/-/baseline-browser-mapping-2.10.27.tgz 0ms (cache hit)
54 http cache @vitejs/plugin-react@https://registry.npmjs.org/@vitejs/plugin-react/-/plugin-react-4.7.0.tgz 0ms (cache hit)
55 http cache @types/react-dom@https://registry.npmjs.org/@types/react-dom/-/react-dom-19.2.3.tgz 0ms (cache hit)
56 http cache @types/react@https://registry.npmjs.org/@types/react/-/react-19.2.14.tgz 0ms (cache hit)
57 http cache @types/babel__traverse@https://registry.npmjs.org/@types/babel__traverse/-/babel__traverse-7.28.0.tgz 0ms (cache hit)
58 http cache @types/babel__template@https://registry.npmjs.org/@types/babel__template/-/babel__template-7.4.4.tgz 0ms (cache hit)
59 http cache @types/babel__generator@https://registry.npmjs.org/@types/babel__generator/-/babel__generator-7.27.0.tgz 0ms (cache hit)
60 http cache @rollup/rollup-linux-x64-musl@https://registry.npmjs.org/@rollup/rollup-linux-x64-musl/-/rollup-linux-x64-musl-4.60.3.tgz 0ms (cache hit)
61 http cache @types/estree@https://registry.npmjs.org/@types/estree/-/estree-1.0.8.tgz 0ms (cache hit)
62 http cache @rollup/rollup-linux-x64-gnu@https://registry.npmjs.org/@rollup/rollup-linux-x64-gnu/-/rollup-linux-x64-gnu-4.60.3.tgz 0ms (cache hit)
63 http cache @jridgewell/trace-mapping@https://registry.npmjs.org/@jridgewell/trace-mapping/-/trace-mapping-0.3.31.tgz 0ms (cache hit)
64 http cache @rolldown/pluginutils@https://registry.npmjs.org/@rolldown/pluginutils/-/pluginutils-1.0.0-beta.27.tgz 0ms (cache hit)
65 http cache @jridgewell/sourcemap-codec@https://registry.npmjs.org/@jridgewell/sourcemap-codec/-/sourcemap-codec-1.5.5.tgz 0ms (cache hit)
66 http cache @jridgewell/remapping@https://registry.npmjs.org/@jridgewell/remapping/-/remapping-2.3.5.tgz 0ms (cache hit)
67 http cache @types/babel__core@https://registry.npmjs.org/@types/babel__core/-/babel__core-7.20.5.tgz 0ms (cache hit)
68 http cache @jridgewell/resolve-uri@https://registry.npmjs.org/@jridgewell/resolve-uri/-/resolve-uri-3.1.2.tgz 0ms (cache hit)
69 http cache @jridgewell/gen-mapping@https://registry.npmjs.org/@jridgewell/gen-mapping/-/gen-mapping-0.3.13.tgz 0ms (cache hit)
70 http cache @esbuild/linux-x64@https://registry.npmjs.org/@esbuild/linux-x64/-/linux-x64-0.25.12.tgz 0ms (cache hit)
71 http cache @babel/traverse@https://registry.npmjs.org/@babel/traverse/-/traverse-7.29.0.tgz 0ms (cache hit)
72 http cache @babel/types@https://registry.npmjs.org/@babel/types/-/types-7.29.0.tgz 0ms (cache hit)
73 http cache @babel/template@https://registry.npmjs.org/@babel/template/-/template-7.28.6.tgz 0ms (cache hit)
74 http cache @babel/plugin-transform-react-jsx-source@https://registry.npmjs.org/@babel/plugin-transform-react-jsx-source/-/plugin-transform-react-jsx-source-7.27.1.tgz 0ms (cache hit)
75 http cache @babel/plugin-transform-react-jsx-self@https://registry.npmjs.org/@babel/plugin-transform-react-jsx-self/-/plugin-transform-react-jsx-self-7.27.1.tgz 0ms (cache hit)
76 http cache @babel/helpers@https://registry.npmjs.org/@babel/helpers/-/helpers-7.29.2.tgz 0ms (cache hit)
77 http cache @babel/parser@https://registry.npmjs.org/@babel/parser/-/parser-7.29.3.tgz 0ms (cache hit)
78 http cache @babel/helper-validator-option@https://registry.npmjs.org/@babel/helper-validator-option/-/helper-validator-option-7.27.1.tgz 0ms (cache hit)
79 http cache @babel/helper-validator-identifier@https://registry.npmjs.org/@babel/helper-validator-identifier/-/helper-validator-identifier-7.28.5.tgz 0ms (cache hit)
80 http cache @babel/helper-string-parser@https://registry.npmjs.org/@babel/helper-string-parser/-/helper-string-parser-7.27.1.tgz 0ms (cache hit)
81 http cache @babel/helper-plugin-utils@https://registry.npmjs.org/@babel/helper-plugin-utils/-/helper-plugin-utils-7.28.6.tgz 0ms (cache hit)
82 http cache @babel/helper-module-transforms@https://registry.npmjs.org/@babel/helper-module-transforms/-/helper-module-transforms-7.28.6.tgz 0ms (cache hit)
83 http cache @babel/helper-module-imports@https://registry.npmjs.org/@babel/helper-module-imports/-/helper-module-imports-7.28.6.tgz 0ms (cache hit)
84 http cache @babel/helper-globals@https://registry.npmjs.org/@babel/helper-globals/-/helper-globals-7.28.0.tgz 0ms (cache hit)
85 http cache @babel/helper-compilation-targets@https://registry.npmjs.org/@babel/helper-compilation-targets/-/helper-compilation-targets-7.28.6.tgz 0ms (cache hit)
86 http cache @babel/generator@https://registry.npmjs.org/@babel/generator/-/generator-7.29.1.tgz 0ms (cache hit)
87 http cache @babel/core@https://registry.npmjs.org/@babel/core/-/core-7.29.0.tgz 0ms (cache hit)
88 http cache @babel/compat-data@https://registry.npmjs.org/@babel/compat-data/-/compat-data-7.29.3.tgz 0ms (cache hit)
89 http cache @babel/code-frame@https://registry.npmjs.org/@babel/code-frame/-/code-frame-7.29.0.tgz 0ms (cache hit)
90 silly tarball no local data for yallist@https://registry.npmjs.org/yallist/-/yallist-3.1.1.tgz. Extracting by manifest.
91 silly tarball no local data for update-browserslist-db@https://registry.npmjs.org/update-browserslist-db/-/update-browserslist-db-1.2.3.tgz. Extracting by manifest.
92 silly tarball no local data for typescript@https://registry.npmjs.org/typescript/-/typescript-5.9.3.tgz. Extracting by manifest.
93 silly tarball no local data for source-map-js@https://registry.npmjs.org/source-map-js/-/source-map-js-1.2.1.tgz. Extracting by manifest.
94 silly tarball no local data for vite@https://registry.npmjs.org/vite/-/vite-6.4.2.tgz. Extracting by manifest.
95 silly tarball no local data for set-cookie-parser@https://registry.npmjs.org/set-cookie-parser/-/set-cookie-parser-2.7.2.tgz. Extracting by manifest.
96 silly tarball no local data for scheduler@https://registry.npmjs.org/scheduler/-/scheduler-0.27.0.tgz. Extracting by manifest.
97 silly tarball no local data for semver@https://registry.npmjs.org/semver/-/semver-6.3.1.tgz. Extracting by manifest.
98 silly tarball no local data for rollup@https://registry.npmjs.org/rollup/-/rollup-4.60.3.tgz. Extracting by manifest.
99 silly tarball no local data for react-router-dom@https://registry.npmjs.org/react-router-dom/-/react-router-dom-7.14.2.tgz. Extracting by manifest.
100 silly tarball no local data for react-router@https://registry.npmjs.org/react-router/-/react-router-7.14.2.tgz. Extracting by manifest.
101 silly tarball no local data for react-refresh@https://registry.npmjs.org/react-refresh/-/react-refresh-0.17.0.tgz. Extracting by manifest.
102 silly tarball no local data for react-dom@https://registry.npmjs.org/react-dom/-/react-dom-19.2.5.tgz. Extracting by manifest.
103 silly tarball no local data for react@https://registry.npmjs.org/react/-/react-19.2.5.tgz. Extracting by manifest.
104 silly tarball no local data for picomatch@https://registry.npmjs.org/picomatch/-/picomatch-4.0.4.tgz. Extracting by manifest.
105 silly tarball no local data for postcss@https://registry.npmjs.org/postcss/-/postcss-8.5.14.tgz. Extracting by manifest.
106 silly tarball no local data for picocolors@https://registry.npmjs.org/picocolors/-/picocolors-1.1.1.tgz. Extracting by manifest.
107 silly tarball no local data for node-releases@https://registry.npmjs.org/node-releases/-/node-releases-2.0.38.tgz. Extracting by manifest.
108 silly tarball no local data for nanoid@https://registry.npmjs.org/nanoid/-/nanoid-3.3.12.tgz. Extracting by manifest.
109 silly tarball no local data for ms@https://registry.npmjs.org/ms/-/ms-2.1.3.tgz. Extracting by manifest.
110 silly tarball no local data for lucide-react@https://registry.npmjs.org/lucide-react/-/lucide-react-0.469.0.tgz. Extracting by manifest.
111 silly tarball no local data for lru-cache@https://registry.npmjs.org/lru-cache/-/lru-cache-5.1.1.tgz. Extracting by manifest.
112 silly tarball no local data for json5@https://registry.npmjs.org/json5/-/json5-2.2.3.tgz. Extracting by manifest.
113 silly tarball no local data for jsesc@https://registry.npmjs.org/jsesc/-/jsesc-3.1.0.tgz. Extracting by manifest.
114 silly tarball no local data for js-tokens@https://registry.npmjs.org/js-tokens/-/js-tokens-4.0.0.tgz. Extracting by manifest.
115 silly tarball no local data for tinyglobby@https://registry.npmjs.org/tinyglobby/-/tinyglobby-0.2.16.tgz. Extracting by manifest.
116 silly tarball no local data for gensync@https://registry.npmjs.org/gensync/-/gensync-1.0.0-beta.2.tgz. Extracting by manifest.
117 silly tarball no local data for fdir@https://registry.npmjs.org/fdir/-/fdir-6.5.0.tgz. Extracting by manifest.
118 silly tarball no local data for escalade@https://registry.npmjs.org/escalade/-/escalade-3.2.0.tgz. Extracting by manifest.
119 silly tarball no local data for electron-to-chromium@https://registry.npmjs.org/electron-to-chromium/-/electron-to-chromium-1.5.349.tgz. Extracting by manifest.
120 silly tarball no local data for esbuild@https://registry.npmjs.org/esbuild/-/esbuild-0.25.12.tgz. Extracting by manifest.
121 silly tarball no local data for debug@https://registry.npmjs.org/debug/-/debug-4.4.3.tgz. Extracting by manifest.
122 silly tarball no local data for csstype@https://registry.npmjs.org/csstype/-/csstype-3.2.3.tgz. Extracting by manifest.
123 silly tarball no local data for cookie@https://registry.npmjs.org/cookie/-/cookie-1.1.1.tgz. Extracting by manifest.
124 silly tarball no local data for convert-source-map@https://registry.npmjs.org/convert-source-map/-/convert-source-map-2.0.0.tgz. Extracting by manifest.
125 silly tarball no local data for clsx@https://registry.npmjs.org/clsx/-/clsx-2.1.1.tgz. Extracting by manifest.
126 silly tarball no local data for caniuse-lite@https://registry.npmjs.org/caniuse-lite/-/caniuse-lite-1.0.30001791.tgz. Extracting by manifest.
127 silly tarball no local data for browserslist@https://registry.npmjs.org/browserslist/-/browserslist-4.28.2.tgz. Extracting by manifest.
128 silly tarball no local data for baseline-browser-mapping@https://registry.npmjs.org/baseline-browser-mapping/-/baseline-browser-mapping-2.10.27.tgz. Extracting by manifest.
129 silly tarball no local data for @vitejs/plugin-react@https://registry.npmjs.org/@vitejs/plugin-react/-/plugin-react-4.7.0.tgz. Extracting by manifest.
130 silly tarball no local data for @types/react-dom@https://registry.npmjs.org/@types/react-dom/-/react-dom-19.2.3.tgz. Extracting by manifest.
131 silly tarball no local data for @types/react@https://registry.npmjs.org/@types/react/-/react-19.2.14.tgz. Extracting by manifest.
132 silly tarball no local data for @types/babel__traverse@https://registry.npmjs.org/@types/babel__traverse/-/babel__traverse-7.28.0.tgz. Extracting by manifest.
133 silly tarball no local data for @types/babel__template@https://registry.npmjs.org/@types/babel__template/-/babel__template-7.4.4.tgz. Extracting by manifest.
134 silly tarball no local data for @types/babel__generator@https://registry.npmjs.org/@types/babel__generator/-/babel__generator-7.27.0.tgz. Extracting by manifest.
135 silly tarball no local data for @rollup/rollup-linux-x64-musl@https://registry.npmjs.org/@rollup/rollup-linux-x64-musl/-/rollup-linux-x64-musl-4.60.3.tgz. Extracting by manifest.
136 silly tarball no local data for @types/estree@https://registry.npmjs.org/@types/estree/-/estree-1.0.8.tgz. Extracting by manifest.
137 silly tarball no local data for @rollup/rollup-linux-x64-gnu@https://registry.npmjs.org/@rollup/rollup-linux-x64-gnu/-/rollup-linux-x64-gnu-4.60.3.tgz. Extracting by manifest.
138 silly tarball no local data for @jridgewell/trace-mapping@https://registry.npmjs.org/@jridgewell/trace-mapping/-/trace-mapping-0.3.31.tgz. Extracting by manifest.
139 silly tarball no local data for @rolldown/pluginutils@https://registry.npmjs.org/@rolldown/pluginutils/-/pluginutils-1.0.0-beta.27.tgz. Extracting by manifest.
140 silly tarball no local data for @jridgewell/sourcemap-codec@https://registry.npmjs.org/@jridgewell/sourcemap-codec/-/sourcemap-codec-1.5.5.tgz. Extracting by manifest.
141 silly tarball no local data for @jridgewell/remapping@https://registry.npmjs.org/@jridgewell/remapping/-/remapping-2.3.5.tgz. Extracting by manifest.
142 silly tarball no local data for @types/babel__core@https://registry.npmjs.org/@types/babel__core/-/babel__core-7.20.5.tgz. Extracting by manifest.
143 silly tarball no local data for @jridgewell/resolve-uri@https://registry.npmjs.org/@jridgewell/resolve-uri/-/resolve-uri-3.1.2.tgz. Extracting by manifest.
144 silly tarball no local data for @jridgewell/gen-mapping@https://registry.npmjs.org/@jridgewell/gen-mapping/-/gen-mapping-0.3.13.tgz. Extracting by manifest.
145 silly tarball no local data for @esbuild/linux-x64@https://registry.npmjs.org/@esbuild/linux-x64/-/linux-x64-0.25.12.tgz. Extracting by manifest.
146 silly tarball no local data for @babel/traverse@https://registry.npmjs.org/@babel/traverse/-/traverse-7.29.0.tgz. Extracting by manifest.
147 silly tarball no local data for @babel/types@https://registry.npmjs.org/@babel/types/-/types-7.29.0.tgz. Extracting by manifest.
148 silly tarball no local data for @babel/template@https://registry.npmjs.org/@babel/template/-/template-7.28.6.tgz. Extracting by manifest.
149 silly tarball no local data for @babel/plugin-transform-react-jsx-source@https://registry.npmjs.org/@babel/plugin-transform-react-jsx-source/-/plugin-transform-react-jsx-source-7.27.1.tgz. Extracting by manifest.
150 silly tarball no local data for @babel/plugin-transform-react-jsx-self@https://registry.npmjs.org/@babel/plugin-transform-react-jsx-self/-/plugin-transform-react-jsx-self-7.27.1.tgz. Extracting by manifest.
151 silly tarball no local data for @babel/helpers@https://registry.npmjs.org/@babel/helpers/-/helpers-7.29.2.tgz. Extracting by manifest.
152 silly tarball no local data for @babel/parser@https://registry.npmjs.org/@babel/parser/-/parser-7.29.3.tgz. Extracting by manifest.
153 silly tarball no local data for @babel/helper-validator-option@https://registry.npmjs.org/@babel/helper-validator-option/-/helper-validator-option-7.27.1.tgz. Extracting by manifest.
154 silly tarball no local data for @babel/helper-validator-identifier@https://registry.npmjs.org/@babel/helper-validator-identifier/-/helper-validator-identifier-7.28.5.tgz. Extracting by manifest.
155 silly tarball no local data for @babel/helper-string-parser@https://registry.npmjs.org/@babel/helper-string-parser/-/helper-string-parser-7.27.1.tgz. Extracting by manifest.
156 silly tarball no local data for @babel/helper-plugin-utils@https://registry.npmjs.org/@babel/helper-plugin-utils/-/helper-plugin-utils-7.28.6.tgz. Extracting by manifest.
157 silly tarball no local data for @babel/helper-module-transforms@https://registry.npmjs.org/@babel/helper-module-transforms/-/helper-module-transforms-7.28.6.tgz. Extracting by manifest.
158 silly tarball no local data for @babel/helper-module-imports@https://registry.npmjs.org/@babel/helper-module-imports/-/helper-module-imports-7.28.6.tgz. Extracting by manifest.
159 silly tarball no local data for @babel/helper-globals@https://registry.npmjs.org/@babel/helper-globals/-/helper-globals-7.28.0.tgz. Extracting by manifest.
160 silly tarball no local data for @babel/helper-compilation-targets@https://registry.npmjs.org/@babel/helper-compilation-targets/-/helper-compilation-targets-7.28.6.tgz. Extracting by manifest.
161 silly tarball no local data for @babel/generator@https://registry.npmjs.org/@babel/generator/-/generator-7.29.1.tgz. Extracting by manifest.
162 silly tarball no local data for @babel/core@https://registry.npmjs.org/@babel/core/-/core-7.29.0.tgz. Extracting by manifest.
163 silly tarball no local data for @babel/compat-data@https://registry.npmjs.org/@babel/compat-data/-/compat-data-7.29.3.tgz. Extracting by manifest.
164 silly tarball no local data for @babel/code-frame@https://registry.npmjs.org/@babel/code-frame/-/code-frame-7.29.0.tgz. Extracting by manifest.
165 http fetch GET 200 https://registry.npmjs.org/npm 229ms
166 http fetch POST 200 https://registry.npmjs.org/-/npm/v1/security/advisories/bulk 210ms
167 silly audit report {
167 silly audit report   '@babel/core': [
167 silly audit report     {
167 silly audit report       id: 1123528,
167 silly audit report       url: 'https://github.com/advisories/GHSA-4x5r-pxfx-6jf8',
167 silly audit report       title: '@babel/core: Arbitrary File Read via sourceMappingURL Comment',
167 silly audit report       severity: 'low',
167 silly audit report       vulnerable_versions: '<=7.29.0',
167 silly audit report       cwe: [Array],
167 silly audit report       cvss: [Object]
167 silly audit report     }
167 silly audit report   ],
167 silly audit report   'baseline-browser-mapping': [
167 silly audit report     {
167 silly audit report       id: 1193686,
167 silly audit report       url: 'https://github.com/advisories/GHSA-w5vr-8v7q-w6rv',
167 silly audit report       title: 'baseline-browser-mapping process termination on invalid input causes denial of service',
167 silly audit report       severity: 'moderate',
167 silly audit report       vulnerable_versions: '>=2.0.0 <2.11.0',
167 silly audit report       cwe: [Array],
167 silly audit report       cvss: [Object]
167 silly audit report     }
167 silly audit report   ],
167 silly audit report   browserslist: [
167 silly audit report     {
167 silly audit report       id: 1153171,
167 silly audit report       url: 'https://github.com/advisories/GHSA-c83g-rgw3-j3cx',
167 silly audit report       title: 'Browserslist: Unbounded memory growth (no cache eviction) via distinct query results, leading to eventual OOM',
167 silly audit report       severity: 'high',
167 silly audit report       vulnerable_versions: '<=4.28.6',
167 silly audit report       cwe: [Array],
167 silly audit report       cvss: [Object]
167 silly audit report     },
167 silly audit report     {
167 silly audit report       id: 1153172,
167 silly audit report       url: 'https://github.com/advisories/GHSA-73wf-gq98-2v4g',
167 silly audit report       title: 'Browserslist: Uncaught crash / prototype write via untrusted browserslist-stats.json custom stats (normalizeStats)',
167 silly audit report       severity: 'high',
167 silly audit report       vulnerable_versions: '<=4.28.6',
167 silly audit report       cwe: [Array],
167 silly audit report       cvss: [Object]
167 silly audit report     }
167 silly audit report   ],
167 silly audit report   nanoid: [
167 silly audit report     {
167 silly audit report       id: 1138811,
167 silly audit report       url: 'https://github.com/advisories/GHSA-28wg-ghj8-5hjv',
167 silly audit report       title: 'nanoid: non-secure generators can loop indefinitely with negative size',
167 silly audit report       severity: 'high',
167 silly audit report       vulnerable_versions: '<3.3.16',
167 silly audit report       cwe: [Array],
167 silly audit report       cvss: [Object]
167 silly audit report     },
167 silly audit report     {
167 silly audit report       id: 1139427,
167 silly audit report       url: 'https://github.com/advisories/GHSA-2v37-7h3g-55p8',
167 silly audit report       title: 'nanoid: custom generators can loop indefinitely when size is zero',
167 silly audit report       severity: 'high',
167 silly audit report       vulnerable_versions: '<3.3.18',
167 silly audit report       cwe: [Array],
167 silly audit report       cvss: [Object]
167 silly audit report     }
167 silly audit report   ],
167 silly audit report   postcss: [
167 silly audit report     {
167 silly audit report       id: 1130709,
167 silly audit report       url: 'https://github.com/advisories/GHSA-fxqj-rqcc-2cmp',
167 silly audit report       title: 'PostCSS: incomplete fix of GHSA-6g55-p6wh-862q — attacker-controlled sourceMappingURL reads arbitrary .map files when `from` is unset',
167 silly audit report       severity: 'moderate',
167 silly audit report       vulnerable_versions: '<=8.5.22',
167 silly audit report       cwe: [Array],
167 silly audit report       cvss: [Object]
167 silly audit report     },
167 silly audit report     {
167 silly audit report       id: 1139510,
167 silly audit report       url: 'https://github.com/advisories/GHSA-r28c-9q8g-f849',
167 silly audit report       title: 'PostCSS: Path Traversal in Previous Source Map Auto-Loading (sourceMappingURL) leads to Arbitrary .map File Disclosure',
167 silly audit report       severity: 'high',
167 silly audit report       vulnerable_versions: '<=8.5.17',
167 silly audit report       cwe: [Array],
167 silly audit report       cvss: [Object]
167 silly audit report     }
167 silly audit report   ],
167 silly audit report   'react-router': [
167 silly audit report     {
167 silly audit report       id: 1120069,
167 silly audit report       url: 'https://github.com/advisories/GHSA-8x6r-g9mw-2r78',
167 silly audit report       title: 'React Router vulnerable to DoS via unbounded path expansion in __manifest endpoint',
167 silly audit report       severity: 'high',
167 silly audit report       vulnerable_versions: '>=7.0.0 <7.15.0',
167 silly audit report       cwe: [Array],
167 silly audit report       cvss: [Object]
167 silly audit report     },
167 silly audit report     {
167 silly audit report       id: 1120807,
167 silly audit report       url: 'https://github.com/advisories/GHSA-84g9-w2xq-vcv6',
167 silly audit report       title: 'React Router: Potential CSRF via PUT/PATCH/DELETE document requests',
167 silly audit report       severity: 'low',
167 silly audit report       vulnerable_versions: '>=7.12.0 <7.15.1',
167 silly audit report       cwe: [Array],
167 silly audit report       cvss: [Object]
167 silly audit report     },
167 silly audit report     {
167 silly audit report       id: 1124268,
167 silly audit report       url: 'https://github.com/advisories/GHSA-wrjc-x8rr-h8h6',
167 silly audit report       title: 'React Router: Open redirect via backslash in <Link> and useNavigate (CVE-2025-68470 bypass)',
167 silly audit report       severity: 'moderate',
167 silly audit report       vulnerable_versions: '>=6.0.0 <7.18.0',
167 silly audit report       cwe: [Array],
167 silly audit report       cvss: [Object]
167 silly audit report     },
167 silly audit report     {
167 silly audit report       id: 1124271,
167 silly audit report       url: 'https://github.com/advisories/GHSA-h8fp-f39c-q6mh',
167 silly audit report       title: 'React Router: RSCErrorHandler Missing Protocol Validation (XSS)',
167 silly audit report       severity: 'moderate',
167 silly audit report       vulnerable_versions: '>=7.11.0 <7.18.0',
167 silly audit report       cwe: [Array],
167 silly audit report       cvss: [Object]
167 silly audit report     },
167 silly audit report     {
167 silly audit report       id: 1124272,
167 silly audit report       url: 'https://github.com/advisories/GHSA-337j-9hxr-rhxg',
167 silly audit report       title: 'React Router: Arbitrary Constructor Injection via deserializeErrors() in React Router SSR Hydration',
167 silly audit report       severity: 'moderate',
167 silly audit report       vulnerable_versions: '>=6.4.0 <7.18.0',
167 silly audit report       cwe: [Array],
167 silly audit report       cvss: [Object]
167 silly audit report     },
167 silly audit report     {
167 silly audit report       id: 1124276,
167 silly audit report       url: 'https://github.com/advisories/GHSA-chx6-hx7r-mcp5',
167 silly audit report       title: 'React Router: Unauthenticated Denial of Service via Inefficient Route Matching',
167 silly audit report       severity: 'high',
167 silly audit report       vulnerable_versions: '>=7.0.0 <7.18.0',
167 silly audit report       cwe: [Array],
167 silly audit report       cvss: [Object]
167 silly audit report     },
167 silly audit report     {
167 silly audit report       id: 1138769,
167 silly audit report       url: 'https://github.com/advisories/GHSA-qwww-vcr4-c8h2',
167 silly audit report       title: 'React Router: RSC Mode CSRF Bypass Allows Action Execution Before 400 Response',
167 silly audit report       severity: 'high',
167 silly audit report       vulnerable_versions: '>=7.12.0 <7.18.2',
167 silly audit report       cwe: [Array],
167 silly audit report       cvss: [Object]
167 silly audit report     }
167 silly audit report   ],
167 silly audit report   vite: [
167 silly audit report     {
167 silly audit report       id: 1120784,
167 silly audit report       url: 'https://github.com/advisories/GHSA-v6wh-96g9-6wx3',
167 silly audit report       title: 'launch-editor: NTLMv2 hash disclosure via UNC path handling on Windows',
167 silly audit report       severity: 'moderate',
167 silly audit report       vulnerable_versions: '<=6.4.2',
167 silly audit report       cwe: [Array],
167 silly audit report       cvss: [Object]
167 silly audit report     },
167 silly audit report     {
167 silly audit report       id: 1123525,
167 silly audit report       url: 'https://github.com/advisories/GHSA-fx2h-pf6j-xcff',
167 silly audit report       title: 'vite: `server.fs.deny` bypass on Windows alternate paths',
167 silly audit report       severity: 'high',
167 silly audit report       vulnerable_versions: '<=6.4.2',
167 silly audit report       cwe: [Array],
167 silly audit report       cvss: [Object]
167 silly audit report     }
167 silly audit report   ]
167 silly audit report }
168 silly packumentCache corgi:https://registry.npmjs.org/@babel%2fcore cache-miss
169 silly packumentCache corgi:https://registry.npmjs.org/baseline-browser-mapping cache-miss
170 silly packumentCache corgi:https://registry.npmjs.org/browserslist cache-miss
171 silly packumentCache corgi:https://registry.npmjs.org/nanoid cache-miss
172 silly packumentCache corgi:https://registry.npmjs.org/postcss cache-miss
173 silly packumentCache corgi:https://registry.npmjs.org/react-router cache-miss
174 silly packumentCache corgi:https://registry.npmjs.org/vite cache-miss
175 http fetch GET 200 https://registry.npmjs.org/yallist/-/yallist-3.1.1.tgz 490ms (cache miss)
176 http fetch GET 200 https://registry.npmjs.org/picomatch/-/picomatch-4.0.4.tgz 486ms (cache miss)
177 http fetch GET 200 https://registry.npmjs.org/lru-cache/-/lru-cache-5.1.1.tgz 485ms (cache miss)
178 http fetch GET 200 https://registry.npmjs.org/ms/-/ms-2.1.3.tgz 496ms (cache miss)
179 http fetch GET 200 https://registry.npmjs.org/picocolors/-/picocolors-1.1.1.tgz 498ms (cache miss)
180 http fetch GET 200 https://registry.npmjs.org/update-browserslist-db/-/update-browserslist-db-1.2.3.tgz 505ms (cache miss)
181 http fetch GET 200 https://registry.npmjs.org/react-router-dom/-/react-router-dom-7.14.2.tgz 502ms (cache miss)
182 http fetch GET 200 https://registry.npmjs.org/js-tokens/-/js-tokens-4.0.0.tgz 496ms (cache miss)
183 http fetch GET 200 https://registry.npmjs.org/set-cookie-parser/-/set-cookie-parser-2.7.2.tgz 509ms (cache miss)
184 http fetch GET 200 https://registry.npmjs.org/jsesc/-/jsesc-3.1.0.tgz 503ms (cache miss)
185 http fetch GET 200 https://registry.npmjs.org/node-releases/-/node-releases-2.0.38.tgz 509ms (cache miss)
186 http fetch GET 200 https://registry.npmjs.org/debug/-/debug-4.4.3.tgz 505ms (cache miss)
187 http fetch GET 200 https://registry.npmjs.org/clsx/-/clsx-2.1.1.tgz 503ms (cache miss)
188 http fetch GET 200 https://registry.npmjs.org/cookie/-/cookie-1.1.1.tgz 506ms (cache miss)
189 http fetch GET 200 https://registry.npmjs.org/convert-source-map/-/convert-source-map-2.0.0.tgz 506ms (cache miss)
190 http fetch GET 200 https://registry.npmjs.org/escalade/-/escalade-3.2.0.tgz 513ms (cache miss)
191 http fetch GET 200 https://registry.npmjs.org/gensync/-/gensync-1.0.0-beta.2.tgz 518ms (cache miss)
192 http fetch GET 200 https://registry.npmjs.org/@types/babel__template/-/babel__template-7.4.4.tgz 518ms (cache miss)
193 http fetch GET 200 https://registry.npmjs.org/@types/babel__generator/-/babel__generator-7.27.0.tgz 524ms (cache miss)
194 http fetch GET 200 https://registry.npmjs.org/@types/estree/-/estree-1.0.8.tgz 527ms (cache miss)
195 http fetch GET 200 https://registry.npmjs.org/@jridgewell/resolve-uri/-/resolve-uri-3.1.2.tgz 529ms (cache miss)
196 http fetch GET 200 https://registry.npmjs.org/react-refresh/-/react-refresh-0.17.0.tgz 548ms (cache miss)
197 http fetch GET 200 https://registry.npmjs.org/tinyglobby/-/tinyglobby-0.2.16.tgz 545ms (cache miss)
198 http fetch GET 200 https://registry.npmjs.org/@jridgewell/remapping/-/remapping-2.3.5.tgz 536ms (cache miss)
199 http fetch GET 200 https://registry.npmjs.org/baseline-browser-mapping/-/baseline-browser-mapping-2.10.27.tgz 549ms (cache miss)
200 http fetch GET 200 https://registry.npmjs.org/fdir/-/fdir-6.5.0.tgz 557ms (cache miss)
201 http fetch GET 200 https://registry.npmjs.org/@rolldown/pluginutils/-/pluginutils-1.0.0-beta.27.tgz 550ms (cache miss)
202 http fetch GET 200 https://registry.npmjs.org/@babel/plugin-transform-react-jsx-self/-/plugin-transform-react-jsx-self-7.27.1.tgz 550ms (cache miss)
203 http fetch GET 200 https://registry.npmjs.org/@types/babel__core/-/babel__core-7.20.5.tgz 556ms (cache miss)
204 http fetch GET 200 https://registry.npmjs.org/@babel/plugin-transform-react-jsx-source/-/plugin-transform-react-jsx-source-7.27.1.tgz 554ms (cache miss)
205 http fetch GET 200 https://registry.npmjs.org/@babel/helper-globals/-/helper-globals-7.28.0.tgz 550ms (cache miss)
206 http fetch GET 200 https://registry.npmjs.org/semver/-/semver-6.3.1.tgz 577ms (cache miss)
207 http fetch GET 200 https://registry.npmjs.org/@babel/helper-validator-option/-/helper-validator-option-7.27.1.tgz 557ms (cache miss)
208 http fetch GET 200 https://registry.npmjs.org/@babel/helper-string-parser/-/helper-string-parser-7.27.1.tgz 557ms (cache miss)
209 http fetch GET 200 https://registry.npmjs.org/@babel/helper-plugin-utils/-/helper-plugin-utils-7.28.6.tgz 557ms (cache miss)
210 http fetch GET 200 https://registry.npmjs.org/scheduler/-/scheduler-0.27.0.tgz 588ms (cache miss)
211 http fetch GET 200 https://registry.npmjs.org/@types/babel__traverse/-/babel__traverse-7.28.0.tgz 575ms (cache miss)
212 http fetch GET 200 https://registry.npmjs.org/@types/react-dom/-/react-dom-19.2.3.tgz 575ms (cache miss)
213 http fetch GET 200 https://registry.npmjs.org/@babel/code-frame/-/code-frame-7.29.0.tgz 562ms (cache miss)
214 http fetch GET 200 https://registry.npmjs.org/browserslist/-/browserslist-4.28.2.tgz 584ms (cache miss)
215 http fetch GET 200 https://registry.npmjs.org/@vitejs/plugin-react/-/plugin-react-4.7.0.tgz 603ms (cache miss)
216 http fetch GET 200 https://registry.npmjs.org/@babel/helper-module-imports/-/helper-module-imports-7.28.6.tgz 591ms (cache miss)
217 http fetch GET 200 https://registry.npmjs.org/@babel/helper-validator-identifier/-/helper-validator-identifier-7.28.5.tgz 594ms (cache miss)
218 http fetch GET 200 https://registry.npmjs.org/@babel/compat-data/-/compat-data-7.29.3.tgz 595ms (cache miss)
219 http fetch GET 200 https://registry.npmjs.org/nanoid 468ms (cache miss)
220 silly packumentCache corgi:https://registry.npmjs.org/nanoid set size:undefined disposed:false
221 http fetch GET 200 https://registry.npmjs.org/esbuild/-/esbuild-0.25.12.tgz 629ms (cache miss)
222 http fetch GET 200 https://registry.npmjs.org/baseline-browser-mapping 481ms (cache miss)
223 silly packumentCache corgi:https://registry.npmjs.org/baseline-browser-mapping set size:undefined disposed:false
224 http fetch GET 200 https://registry.npmjs.org/electron-to-chromium/-/electron-to-chromium-1.5.349.tgz 640ms (cache miss)
225 http fetch GET 200 https://registry.npmjs.org/browserslist 496ms (cache miss)
226 silly packumentCache corgi:https://registry.npmjs.org/browserslist set size:undefined disposed:false
227 http fetch GET 200 https://registry.npmjs.org/react/-/react-19.2.5.tgz 663ms (cache miss)
228 http fetch GET 200 https://registry.npmjs.org/@babel/helper-compilation-targets/-/helper-compilation-targets-7.28.6.tgz 642ms (cache miss)
229 http fetch GET 200 https://registry.npmjs.org/nanoid/-/nanoid-3.3.12.tgz 665ms (cache miss)
230 http fetch GET 200 https://registry.npmjs.org/postcss 515ms (cache miss)
231 silly packumentCache corgi:https://registry.npmjs.org/postcss set size:undefined disposed:false
232 http fetch GET 200 https://registry.npmjs.org/@babel/helper-module-transforms/-/helper-module-transforms-7.28.6.tgz 663ms (cache miss)
233 http fetch GET 200 https://registry.npmjs.org/@babel/template/-/template-7.28.6.tgz 668ms (cache miss)
234 http fetch GET 200 https://registry.npmjs.org/@babel%2fcore 530ms (cache miss)
235 silly packumentCache corgi:https://registry.npmjs.org/@babel%2fcore set size:undefined disposed:false
236 http fetch GET 200 https://registry.npmjs.org/source-map-js/-/source-map-js-1.2.1.tgz 709ms (cache miss)
237 http fetch GET 200 https://registry.npmjs.org/json5/-/json5-2.2.3.tgz 702ms (cache miss)
238 http fetch GET 200 https://registry.npmjs.org/@jridgewell/sourcemap-codec/-/sourcemap-codec-1.5.5.tgz 702ms (cache miss)
239 http fetch GET 200 https://registry.npmjs.org/@types/react/-/react-19.2.14.tgz 712ms (cache miss)
240 http fetch GET 200 https://registry.npmjs.org/csstype/-/csstype-3.2.3.tgz 735ms (cache miss)
241 http fetch GET 200 https://registry.npmjs.org/@jridgewell/gen-mapping/-/gen-mapping-0.3.13.tgz 740ms (cache miss)
242 http fetch GET 200 https://registry.npmjs.org/react-router 629ms (cache miss)
243 silly packumentCache corgi:https://registry.npmjs.org/react-router set size:undefined disposed:false
244 http fetch GET 200 https://registry.npmjs.org/@jridgewell/trace-mapping/-/trace-mapping-0.3.31.tgz 955ms (cache miss)
245 http fetch GET 200 https://registry.npmjs.org/@rollup/rollup-linux-x64-musl/-/rollup-linux-x64-musl-4.60.3.tgz 965ms (cache miss)
246 http fetch GET 200 https://registry.npmjs.org/@babel/parser/-/parser-7.29.3.tgz 978ms (cache miss)
247 http fetch GET 200 https://registry.npmjs.org/postcss/-/postcss-8.5.14.tgz 1001ms (cache miss)
248 http fetch GET 200 https://registry.npmjs.org/@rollup/rollup-linux-x64-gnu/-/rollup-linux-x64-gnu-4.60.3.tgz 993ms (cache miss)
249 http fetch GET 200 https://registry.npmjs.org/vite 856ms (cache miss)
250 silly packumentCache corgi:https://registry.npmjs.org/vite set size:undefined disposed:false
251 silly packumentCache corgi:https://registry.npmjs.org/@babel%2fhelper-module-transforms cache-miss
252 silly packumentCache corgi:https://registry.npmjs.org/@babel%2fplugin-transform-react-jsx-self cache-miss
253 silly packumentCache corgi:https://registry.npmjs.org/@babel%2fplugin-transform-react-jsx-source cache-miss
254 silly packumentCache corgi:https://registry.npmjs.org/@vitejs%2fplugin-react cache-miss
255 http fetch GET 200 https://registry.npmjs.org/@babel/generator/-/generator-7.29.1.tgz 1101ms (cache miss)
256 http fetch GET 200 https://registry.npmjs.org/@babel%2fhelper-module-transforms 86ms (cache miss)
257 silly packumentCache corgi:https://registry.npmjs.org/@babel%2fhelper-module-transforms set size:undefined disposed:false
258 http fetch GET 200 https://registry.npmjs.org/@vitejs%2fplugin-react 101ms (cache miss)
259 silly packumentCache corgi:https://registry.npmjs.org/@vitejs%2fplugin-react set size:undefined disposed:false
260 http fetch GET 200 https://registry.npmjs.org/@babel%2fplugin-transform-react-jsx-source 133ms (cache miss)
261 silly packumentCache corgi:https://registry.npmjs.org/@babel%2fplugin-transform-react-jsx-source set size:undefined disposed:false
262 http fetch GET 200 https://registry.npmjs.org/@babel%2fplugin-transform-react-jsx-self 153ms (cache miss)
263 silly packumentCache corgi:https://registry.npmjs.org/@babel%2fplugin-transform-react-jsx-self set size:undefined disposed:false
264 http fetch GET 200 https://registry.npmjs.org/rollup/-/rollup-4.60.3.tgz 1294ms (cache miss)
265 http fetch GET 200 https://registry.npmjs.org/vite/-/vite-6.4.2.tgz 1302ms (cache miss)
266 silly packumentCache corgi:https://registry.npmjs.org/@babel%2fhelper-compilation-targets cache-miss
267 silly packumentCache corgi:https://registry.npmjs.org/update-browserslist-db cache-miss
268 http fetch GET 200 https://registry.npmjs.org/@babel/traverse/-/traverse-7.29.0.tgz 1299ms (cache miss)
269 http fetch GET 200 https://registry.npmjs.org/update-browserslist-db 46ms (cache miss)
270 silly packumentCache corgi:https://registry.npmjs.org/update-browserslist-db set size:undefined disposed:false
271 http fetch GET 200 https://registry.npmjs.org/@babel%2fhelper-compilation-targets 53ms (cache miss)
272 silly packumentCache corgi:https://registry.npmjs.org/@babel%2fhelper-compilation-targets set size:undefined disposed:false
273 silly packumentCache corgi:https://registry.npmjs.org/react-router-dom cache-miss
274 http fetch GET 200 https://registry.npmjs.org/react-dom/-/react-dom-19.2.5.tgz 1605ms (cache miss)
275 http fetch GET 200 https://registry.npmjs.org/react-router-dom 220ms (cache miss)
276 silly packumentCache corgi:https://registry.npmjs.org/react-router-dom set size:undefined disposed:false
277 http fetch GET 200 https://registry.npmjs.org/@babel/core/-/core-7.29.0.tgz 2697ms (cache miss)
278 http fetch GET 200 https://registry.npmjs.org/react-router/-/react-router-7.14.2.tgz 2834ms (cache miss)
279 http fetch GET 200 https://registry.npmjs.org/@esbuild/linux-x64/-/linux-x64-0.25.12.tgz 2854ms (cache miss)
280 http fetch GET 200 https://registry.npmjs.org/@babel/types/-/types-7.29.0.tgz 2908ms (cache miss)
281 http fetch GET 200 https://registry.npmjs.org/@babel/helpers/-/helpers-7.29.2.tgz 2943ms (cache miss)
282 http fetch GET 200 https://registry.npmjs.org/typescript/-/typescript-5.9.3.tgz 3114ms (cache miss)
283 http fetch GET 200 https://registry.npmjs.org/caniuse-lite/-/caniuse-lite-1.0.30001791.tgz 3303ms (cache miss)
284 http fetch GET 200 https://registry.npmjs.org/lucide-react/-/lucide-react-0.469.0.tgz 4578ms (cache miss)
285 silly ADD node_modules/yallist
286 silly ADD node_modules/vite
287 silly ADD node_modules/update-browserslist-db
288 silly ADD node_modules/typescript
289 silly ADD node_modules/tinyglobby
290 silly ADD node_modules/source-map-js
291 silly ADD node_modules/set-cookie-parser
292 silly ADD node_modules/semver
293 silly ADD node_modules/scheduler
294 silly ADD node_modules/rollup
295 silly ADD node_modules/react-router-dom
296 silly ADD node_modules/react-router
297 silly ADD node_modules/react-refresh
298 silly ADD node_modules/react-dom
299 silly ADD node_modules/react
300 silly ADD node_modules/postcss
301 silly ADD node_modules/picomatch
302 silly ADD node_modules/picocolors
303 silly ADD node_modules/node-releases
304 silly ADD node_modules/nanoid
305 silly ADD node_modules/ms
306 silly ADD node_modules/lucide-react
307 silly ADD node_modules/lru-cache
308 silly ADD node_modules/json5
309 silly ADD node_modules/jsesc
310 silly ADD node_modules/js-tokens
311 silly ADD node_modules/gensync
312 silly ADD node_modules/fdir
313 silly ADD node_modules/escalade
314 silly ADD node_modules/esbuild
315 silly ADD node_modules/electron-to-chromium
316 silly ADD node_modules/debug
317 silly ADD node_modules/csstype
318 silly ADD node_modules/cookie
319 silly ADD node_modules/convert-source-map
320 silly ADD node_modules/clsx
321 silly ADD node_modules/caniuse-lite
322 silly ADD node_modules/browserslist
323 silly ADD node_modules/baseline-browser-mapping
324 silly ADD node_modules/@vitejs/plugin-react
325 silly ADD node_modules/@types/react-dom
326 silly ADD node_modules/@types/react
327 silly ADD node_modules/@types/estree
328 silly ADD node_modules/@types/babel__traverse
329 silly ADD node_modules/@types/babel__template
330 silly ADD node_modules/@types/babel__generator
331 silly ADD node_modules/@types/babel__core
332 silly ADD node_modules/@rollup/rollup-linux-x64-musl
333 silly ADD node_modules/@rollup/rollup-linux-x64-gnu
334 silly ADD node_modules/@rolldown/pluginutils
335 silly ADD node_modules/@jridgewell/trace-mapping
336 silly ADD node_modules/@jridgewell/sourcemap-codec
337 silly ADD node_modules/@jridgewell/resolve-uri
338 silly ADD node_modules/@jridgewell/remapping
339 silly ADD node_modules/@jridgewell/gen-mapping
340 silly ADD node_modules/@esbuild/linux-x64
341 silly ADD node_modules/@babel/types
342 silly ADD node_modules/@babel/traverse
343 silly ADD node_modules/@babel/template
344 silly ADD node_modules/@babel/plugin-transform-react-jsx-source
345 silly ADD node_modules/@babel/plugin-transform-react-jsx-self
346 silly ADD node_modules/@babel/parser
347 silly ADD node_modules/@babel/helpers
348 silly ADD node_modules/@babel/helper-validator-option
349 silly ADD node_modules/@babel/helper-validator-identifier
350 silly ADD node_modules/@babel/helper-string-parser
351 silly ADD node_modules/@babel/helper-plugin-utils
352 silly ADD node_modules/@babel/helper-module-transforms
353 silly ADD node_modules/@babel/helper-module-imports
354 silly ADD node_modules/@babel/helper-globals
355 silly ADD node_modules/@babel/helper-compilation-targets
356 silly ADD node_modules/@babel/generator
357 silly ADD node_modules/@babel/core
358 silly ADD node_modules/@babel/compat-data
359 silly ADD node_modules/@babel/code-frame
360 warn install-scripts 1 package had install scripts blocked because they are not covered by allowScripts:
360 warn install-scripts   esbuild@0.25.12 (postinstall: node install.js)
360 warn install-scripts
360 warn install-scripts Run `npm install-scripts ls` to review, or `npm install-scripts approve <pkg>` to allow.
361 verbose cwd /home/sprite
362 verbose os Linux 6.12.91-fly
363 verbose node v24.18.0
364 verbose npm  v12.0.2
365 notice
365 notice New minor version of npm available! 12.0.2 -> 12.2.0
365 notice Changelog: https://github.com/npm/cli/releases/tag/v12.2.0
365 notice To update run: npm install -g npm@12.2.0
365 notice  { force: true, Symbol(proc-log.meta): true }
366 verbose exit 0
367 info ok
